// Vitest Snapshot v1, https://vitest.dev/guide/snapshot.html

exports[`LeaseHeader component > renders as expected when no data is provided 1`] = `
<DocumentFragment>
  <div
    class="Toastify"
  />
  <div />
  .c4 {
  font-size: 0.87em;
  line-height: 1.9;
}

.c1 {
  font-weight: bold;
  white-space: nowrap;
}

.c3 {
  height: 100%;
  display: -webkit-box;
  display: -webkit-flex;
  display: -ms-flexbox;
  display: flex;
  -webkit-flex-direction: column;
  -ms-flex-direction: column;
  flex-direction: column;
}

.c0 {
  margin-top: 0.5rem;
  margin-bottom: 1.5rem;
  border-bottom-style: solid;
  border-bottom-color: grey;
  border-bottom-width: 0.1rem;
}

.c2 {
  font-weight: bold;
}

<div
    class="c0"
  >
    <div
      class="no-gutters row"
    >
      <div
        class="col-8"
      >
        <div
          class="row"
        >
          <div
            class="pr-0 text-left col-4"
          >
            <label
              class="c1"
            >
              Lease/Licence #
            </label>
          </div>
          <div
            class="pl-1 text-left col-8"
          >
            <span
              class="pr-4"
            >
              L-0000001
            </span>
            <span
              class="c2"
            />
          </div>
        </div>
        <div
          class="row"
        >
          <div
            class="pr-0 text-left col-4"
          >
            <label
              class="c1"
            >
              Property:
            </label>
          </div>
          <div
            class="pl-1 text-left col-8"
          >
            <div />
          </div>
        </div>
        <div
          class="row"
        >
          <div
            class="pr-0 text-left col-4"
          >
            <label
              class="c1"
            >
              Tenant:
            </label>
          </div>
          <div
            class="pl-1 text-left col-8"
          >
            <div />
          </div>
        </div>
        <div
          class="flex-nowrap row"
        >
          <div
            class="pr-0 text-left col-4"
          >
            <label
              class="c1"
            >
              Commencement:
              <span>
                <span
                  class="tooltip-icon"
                  data-testid="tooltip-icon-section-field-tooltip"
                  id="section-field-tooltip"
                >
                  <svg
                    class="tooltip-icon"
                    fill="currentColor"
                    height="1em"
                    stroke="currentColor"
                    stroke-width="0"
                    viewBox="0 0 512 512"
                    width="1em"
                    xmlns="http://www.w3.org/2000/svg"
                  >
                    <path
                      d="M256 8C119.043 8 8 119.083 8 256c0 136.997 111.043 248 248 248s248-111.003 248-248C504 119.083 392.957 8 256 8zm0 110c23.196 0 42 18.804 42 42s-18.804 42-42 42-42-18.804-42-42 18.804-42 42-42zm56 254c0 6.627-5.373 12-12 12h-88c-6.627 0-12-5.373-12-12v-24c0-6.627 5.373-12 12-12h12v-64h-12c-6.627 0-12-5.373-12-12v-24c0-6.627 5.373-12 12-12h64c6.627 0 12 5.373 12 12v100h12c6.627 0 12 5.373 12 12v24z"
                    />
                  </svg>
                </span>
              </span>
            </label>
          </div>
          <div
            class="pl-1 text-left col-3"
          />
          <div
            class="pr-0 text-left col-auto"
          >
            <label
              class="c1"
            >
              Expiry:
              <span>
                <span
                  class="tooltip-icon"
                  data-testid="tooltip-icon-section-field-tooltip"
                  id="section-field-tooltip"
                >
                  <svg
                    class="tooltip-icon"
                    fill="currentColor"
                    height="1em"
                    stroke="currentColor"
                    stroke-width="0"
                    viewBox="0 0 512 512"
                    width="1em"
                    xmlns="http://www.w3.org/2000/svg"
                  >
                    <path
                      d="M256 8C119.043 8 8 119.083 8 256c0 136.997 111.043 248 248 248s248-111.003 248-248C504 119.083 392.957 8 256 8zm0 110c23.196 0 42 18.804 42 42s-18.804 42-42 42-42-18.804-42-42 18.804-42 42-42zm56 254c0 6.627-5.373 12-12 12h-88c-6.627 0-12-5.373-12-12v-24c0-6.627 5.373-12 12-12h12v-64h-12c-6.627 0-12-5.373-12-12v-24c0-6.627 5.373-12 12-12h64c6.627 0 12 5.373 12 12v100h12c6.627 0 12 5.373 12 12v24z"
                    />
                  </svg>
                </span>
              </span>
            </label>
          </div>
          <div
            class="pl-1 text-left col-auto"
          >
            <span
              class="pl-2"
            />
          </div>
          <div
            class="pl-1 text-left col-auto"
          />
        </div>
        <div
          class="row"
        >
          <div
            class="pr-0 text-left col-4"
          >
            <label
              class="c1"
            >
              Historical file #:
            </label>
          </div>
          <div
            class="pl-1 text-left col-8"
          >
            <div />
          </div>
        </div>
      </div>
      <div
        class="col"
      >
        <div
          class="c3"
        >
          <div
            class="no-gutters row"
          >
            <div
              class="text-right col"
            >
              <span
                class="c4"
              >
                <strong>
                  Created: 
                </strong>
                Dec 31, 2021 by 
                <span
                  class="tooltip-icon"
                  data-testid="tooltip-icon-userNameTooltip"
                  id="userNameTooltip"
                >
                  <strong>
                    USER_B
                  </strong>
                </span>
              </span>
            </div>
          </div>
          <div
            class="no-gutters row"
          >
            <div
              class="text-right col"
            >
              <span
                class="c4"
              >
                <strong>
                  Updated: 
                </strong>
                Dec 31, 2021 by 
                <span
                  class="tooltip-icon"
                  data-testid="tooltip-icon-userNameTooltip"
                  id="userNameTooltip"
                >
                  <strong>
                    USER_A
                  </strong>
                </span>
              </span>
            </div>
          </div>
        </div>
      </div>
    </div>
  </div>
</DocumentFragment>
`;
