// Vitest Snapshot v1, https://vitest.dev/guide/snapshot.html

exports[`CreateContactContainer component > should render as expected 1`] = `
<DocumentFragment>
  <div
    class="Toastify"
  />
  <div />
  .c6 {
  display: -webkit-box;
  display: -webkit-flex;
  display: -ms-flexbox;
  display: flex;
  -webkit-flex-wrap: nowrap;
  -ms-flex-wrap: nowrap;
  flex-wrap: nowrap;
}

.c1 {
  color: #474543;
  font-family: 'BCSans-Bold';
  font-size: 3.2rem;
  border-bottom: solid 0.5rem var(--theme-blue-90);
  width: 100%;
  text-align: left;
  margin-bottom: 2.4rem;
}

.c4 {
  width: 100%;
  border-bottom: solid 0.5rem #053662;
}

.c3 {
  color: #474543;
  font-size: 30px;
  cursor: pointer;
}

.c2.c2 {
  border-bottom: none;
  margin-bottom: 0.2rem;
}

.c0 {
  position: relative;
  display: -webkit-box;
  display: -webkit-flex;
  display: -ms-flexbox;
  display: flex;
  -webkit-flex-direction: column;
  -ms-flex-direction: column;
  flex-direction: column;
  height: 100%;
  width: 50%;
  min-width: 93rem;
  overflow: hidden;
  padding: 1.4rem 1.6rem;
  padding-bottom: 0;
}

.c7 {
  gap: 5rem;
  background-color: white;
  border-radius: 0.5rem;
  margin: 1.5rem;
  margin-right: 3rem;
  padding: 1.5rem;
}

.c7 .form-check {
  display: -webkit-box;
  display: -webkit-flex;
  display: -ms-flexbox;
  display: flex;
  -webkit-align-items: center;
  -webkit-box-align: center;
  -ms-flex-align: center;
  align-items: center;
  padding-left: 2rem;
}

.c5 {
  background-color: #f2f2f2;
  padding-top: 0.5rem;
  padding-bottom: 0.5rem;
  overflow: inherit;
  display: -webkit-box;
  display: -webkit-flex;
  display: -ms-flexbox;
  display: flex;
  -webkit-flex-direction: column;
  -ms-flex-direction: column;
  flex-direction: column;
  -webkit-flex: 1;
  -ms-flex: 1;
  flex: 1;
}

<div
    class="c0"
  >
    <div
      class="row"
    >
      <div
        class="col"
      >
        <h1
          class="c1 c2 mr-auto"
        >
          <svg
            class="mr-2 mb-2"
            fill="currentColor"
            height="28"
            stroke="currentColor"
            stroke-width="0"
            viewBox="0 0 24 24"
            width="28"
            xmlns="http://www.w3.org/2000/svg"
          >
            <path
              d="M0 0h24v24H0z"
              fill="none"
            />
            <path
              d="M0 0h24v24H0z"
              fill="none"
            />
            <path
              d="M21 8V7l-3 2-3-2v1l3 2 3-2zm1-5H2C.9 3 0 3.9 0 5v14c0 1.1.9 2 2 2h20c1.1 0 1.99-.9 1.99-2L24 5c0-1.1-.9-2-2-2zM8 6c1.66 0 3 1.34 3 3s-1.34 3-3 3-3-1.34-3-3 1.34-3 3-3zm6 12H2v-1c0-2 4-3.1 6-3.1s6 1.1 6 3.1v1zm8-6h-8V6h8v6z"
            />
          </svg>
          Add Contact
        </h1>
      </div>
      <div
        class="col-auto"
      >
        <svg
          class="c3"
          fill="currentColor"
          height="1em"
          stroke="currentColor"
          stroke-width="0"
          viewBox="0 0 512 512"
          width="1em"
          xmlns="http://www.w3.org/2000/svg"
        >
          <title>
            close
          </title>
          <path
            d="M464 32H48C21.5 32 0 53.5 0 80v352c0 26.5 21.5 48 48 48h416c26.5 0 48-21.5 48-48V80c0-26.5-21.5-48-48-48zm-83.6 290.5c4.8 4.8 4.8 12.6 0 17.4l-40.5 40.5c-4.8 4.8-12.6 4.8-17.4 0L256 313.3l-66.5 67.1c-4.8 4.8-12.6 4.8-17.4 0l-40.5-40.5c-4.8-4.8-4.8-12.6 0-17.4l67.1-66.5-67.1-66.5c-4.8-4.8-4.8-12.6 0-17.4l40.5-40.5c4.8-4.8 12.6-4.8 17.4 0l66.5 67.1 66.5-67.1c4.8-4.8 12.6-4.8 17.4 0l40.5 40.5c4.8 4.8 4.8 12.6 0 17.4L313.3 256l67.1 66.5z"
          />
        </svg>
      </div>
    </div>
    <div
      class="c4"
    />
    <div
      class="c5"
    >
      <div
        class="c6 c7"
      >
        <div
          class="form-check"
        >
          <input
            checked=""
            class="form-check-input"
            id="contact-individual"
            type="radio"
          />
          <label
            class="form-check-label"
            for="contact-individual"
            title=""
          >
            Individual
          </label>
        </div>
        <div
          class="form-check"
        >
          <input
            class="form-check-input"
            id="contact-organization"
            type="radio"
          />
          <label
            class="form-check-label"
            for="contact-organization"
            title=""
          >
            Organization
          </label>
        </div>
      </div>
    </div>
  </div>
</DocumentFragment>
`;
