// Vitest Snapshot v1, https://vitest.dev/guide/snapshot.html

exports[`Contact OrganizationView component > renders as expected 1`] = `
<DocumentFragment>
  <div
    class="Toastify"
  />
  <div />
  .c0 {
  margin: 1.6rem;
  padding: 1.6rem;
  background-color: white;
  text-align: left;
  border-radius: 0.5rem;
}

.c4.required::before {
  content: '*';
  position: absolute;
  top: 0.75rem;
  left: 0rem;
}

.c3 {
  font-weight: bold;
}

.c1 {
  font-family: 'BCSans-Bold';
  font-size: 2.6rem;
  border-bottom: solid 0.2rem;
  width: 100%;
  text-align: left;
  margin-bottom: 2.4rem;
}

.c5 {
  font-family: 'BCSans-Bold';
  font-size: 2.2rem;
  border-bottom: solid 0.2rem;
  width: 100%;
  text-align: left;
  margin-bottom: 2.4rem;
}

.c6 {
  text-align: left;
}

.c2 {
  border-radius: 0.5rem;
  background-color: white;
  border: 1px solid;
  padding: 0.5rem 1rem;
  font-size: 1.4rem;
}

.c2.active {
  border: 1px solid;
}

<div
    class="c0 form-section mb-4"
  >
    <div
      class="collapse show"
    >
      <h2
        class="c1"
      >
        <div
          class="mb-1 row"
        >
          <div
            class="col"
          >
            Contact Details
          </div>
          <div
            class="d-flex justify-content-end col-md-3"
          >
            <div
              class="c2 active"
            >
              <svg
                class="mr-2 mb-1"
                fill="currentColor"
                height="14"
                stroke="currentColor"
                stroke-width="0"
                viewBox="0 0 448 512"
                width="14"
                xmlns="http://www.w3.org/2000/svg"
              >
                <path
                  d="M128 148v-40c0-6.6 5.4-12 12-12h40c6.6 0 12 5.4 12 12v40c0 6.6-5.4 12-12 12h-40c-6.6 0-12-5.4-12-12zm140 12h40c6.6 0 12-5.4 12-12v-40c0-6.6-5.4-12-12-12h-40c-6.6 0-12 5.4-12 12v40c0 6.6 5.4 12 12 12zm-128 96h40c6.6 0 12-5.4 12-12v-40c0-6.6-5.4-12-12-12h-40c-6.6 0-12 5.4-12 12v40c0 6.6 5.4 12 12 12zm128 0h40c6.6 0 12-5.4 12-12v-40c0-6.6-5.4-12-12-12h-40c-6.6 0-12 5.4-12 12v40c0 6.6 5.4 12 12 12zm-76 84v-40c0-6.6-5.4-12-12-12h-40c-6.6 0-12 5.4-12 12v40c0 6.6 5.4 12 12 12h40c6.6 0 12-5.4 12-12zm76 12h40c6.6 0 12-5.4 12-12v-40c0-6.6-5.4-12-12-12h-40c-6.6 0-12 5.4-12 12v40c0 6.6 5.4 12 12 12zm180 124v36H0v-36c0-6.6 5.4-12 12-12h19.5V24c0-13.3 10.7-24 24-24h337c13.3 0 24 10.7 24 24v440H436c6.6 0 12 5.4 12 12zM79.5 463H192v-67c0-6.6 5.4-12 12-12h40c6.6 0 12 5.4 12 12v67h112.5V49L80 48l-.5 415z"
                />
              </svg>
              <span
                data-testid="contact-organization-status"
              >
                ACTIVE
              </span>
            </div>
          </div>
        </div>
      </h2>
      <div
        class="pb-2 row"
      >
        <div
          class="pr-0 text-left col-3"
        >
          <label
            class="c3"
          >
            Organization Name:
          </label>
        </div>
        <div
          class="c4 text-left col"
          data-testid="contact-organization-organizationName"
        >
          <svg
            class="mr-2"
            fill="currentColor"
            height="20"
            stroke="currentColor"
            stroke-width="0"
            viewBox="0 0 448 512"
            width="20"
            xmlns="http://www.w3.org/2000/svg"
          >
            <path
              d="M128 148v-40c0-6.6 5.4-12 12-12h40c6.6 0 12 5.4 12 12v40c0 6.6-5.4 12-12 12h-40c-6.6 0-12-5.4-12-12zm140 12h40c6.6 0 12-5.4 12-12v-40c0-6.6-5.4-12-12-12h-40c-6.6 0-12 5.4-12 12v40c0 6.6 5.4 12 12 12zm-128 96h40c6.6 0 12-5.4 12-12v-40c0-6.6-5.4-12-12-12h-40c-6.6 0-12 5.4-12 12v40c0 6.6 5.4 12 12 12zm128 0h40c6.6 0 12-5.4 12-12v-40c0-6.6-5.4-12-12-12h-40c-6.6 0-12 5.4-12 12v40c0 6.6 5.4 12 12 12zm-76 84v-40c0-6.6-5.4-12-12-12h-40c-6.6 0-12 5.4-12 12v40c0 6.6 5.4 12 12 12h40c6.6 0 12-5.4 12-12zm76 12h40c6.6 0 12-5.4 12-12v-40c0-6.6-5.4-12-12-12h-40c-6.6 0-12 5.4-12 12v40c0 6.6 5.4 12 12 12zm180 124v36H0v-36c0-6.6 5.4-12 12-12h19.5V24c0-13.3 10.7-24 24-24h337c13.3 0 24 10.7 24 24v440H436c6.6 0 12 5.4 12 12zM79.5 463H192v-67c0-6.6 5.4-12 12-12h40c6.6 0 12 5.4 12 12v67h112.5V49L80 48l-.5 415z"
            />
          </svg>
          <b>
            Fake Corp Incorporated
          </b>
        </div>
      </div>
      <div
        class="pb-2 row"
      >
        <div
          class="pr-0 text-left col-3"
        >
          <label
            class="c3"
          >
            Alias:
          </label>
        </div>
        <div
          class="c4 text-left col"
          data-testid="contact-organization-alias"
        >
          Fake Inc
        </div>
      </div>
      <div
        class="pb-2 row"
      >
        <div
          class="pr-0 text-left col-3"
        >
          <label
            class="c3"
          >
            Incorporation Number:
          </label>
        </div>
        <div
          class="c4 text-left col"
          data-testid="contact-organization-incorporationNumber"
        >
          987
        </div>
      </div>
      <h3
        class="c5 mt-10"
      >
        Preferred Contact
      </h3>
      <div
        class="c6 pb-4 row"
      >
        <div
          class="col-md-3"
        >
          <strong>
            Email:
          </strong>
        </div>
        <div
          class="col-md-9"
        >
          <span>
            N.A
          </span>
        </div>
      </div>
      <div
        class="c6 row"
      >
        <div
          class="col-md-3"
        >
          <strong>
            Phone:
          </strong>
        </div>
        <div
          class="col-md-9"
        >
          <span>
            N.A
          </span>
        </div>
      </div>
      <h3
        class="c5 mt-10"
      >
        Individual Contact(s)
      </h3>
      <div
        class="row"
      >
        <div
          class="col"
        />
      </div>
    </div>
  </div>
  .c0 {
  margin: 1.6rem;
  padding: 1.6rem;
  background-color: white;
  text-align: left;
  border-radius: 0.5rem;
}

.c1 {
  font-family: 'BCSans-Bold';
  font-size: 2.6rem;
  border-bottom: solid 0.2rem;
  width: 100%;
  text-align: left;
  margin-bottom: 2.4rem;
}

<div
    class="c0 form-section mb-4"
  >
    <div
      class="collapse show"
    >
      <h2
        class="c1"
      >
        Address
      </h2>
    </div>
  </div>
  .c0 {
  margin: 1.6rem;
  padding: 1.6rem;
  background-color: white;
  text-align: left;
  border-radius: 0.5rem;
}

.c1 {
  font-family: 'BCSans-Bold';
  font-size: 2.6rem;
  border-bottom: solid 0.2rem;
  width: 100%;
  text-align: left;
  margin-bottom: 2.4rem;
}

<div
    class="c0 form-section"
  >
    <div
      class="collapse show"
    >
      <h2
        class="c1"
      >
        Comments
      </h2>
      <div
        class="row"
      >
        <div
          class="col"
        >
          <div
            data-testid="contact-organization-comment"
          />
        </div>
      </div>
    </div>
  </div>
</DocumentFragment>
`;
